This is pdfTeX, Version 3.141592653-2.6-1.40.26 (TeX Live 2025/dev/Debian) (preloaded format=pdflatex 2026.1.6)  6 JAN 2026 18:11
entering extended mode
 restricted \write18 enabled.
 file:line:error style messages enabled.
 %&-line parsing enabled.
**/home/hpinedoh/Documents/GitHub/DocumentosApoyoAsignaturas/Asignaturas/DatosD.tex
(/home/hpinedoh/Documents/GitHub/DocumentosApoyoAsignaturas/Asignaturas/DatosD.tex
LaTeX2e <2024-11-01> patch level 2
L3 programming layer <2025-01-18>
(/usr/share/texlive/texmf-dist/tex/latex/base/article.cls
Document Class: article 2024/06/29 v1.4n Standard LaTeX document class
(/usr/share/texlive/texmf-dist/tex/latex/base/size10.clo
File: size10.clo 2024/06/29 v1.4n Standard LaTeX file (size option)
)
\c@part=\count196
\c@section=\count197
\c@subsection=\count198
\c@subsubsection=\count199
\c@paragraph=\count266
\c@subparagraph=\count267
\c@figure=\count268
\c@table=\count269
\abovecaptionskip=\skip49
\belowcaptionskip=\skip50
\bibindent=\dimen141
) (/usr/share/texlive/texmf-dist/tex/latex/l3backend/l3backend-pdftex.def
File: l3backend-pdftex.def 2024-05-08 L3 backend support: PDF output (pdfTeX)
\l__color_backend_stack_int=\count270
\l__pdf_internal_box=\box52
) (./DatosD.aux)
\openout1 = `DatosD.aux'.

LaTeX Font Info:    Checking defaults for OML/cmm/m/it on input line 2.
LaTeX Font Info:    ... okay on input line 2.
LaTeX Font Info:    Checking defaults for OMS/cmsy/m/n on input line 2.
LaTeX Font Info:    ... okay on input line 2.
LaTeX Font Info:    Checking defaults for OT1/cmr/m/n on input line 2.
LaTeX Font Info:    ... okay on input line 2.
LaTeX Font Info:    Checking defaults for T1/cmr/m/n on input line 2.
LaTeX Font Info:    ... okay on input line 2.
LaTeX Font Info:    Checking defaults for TS1/cmr/m/n on input line 2.
LaTeX Font Info:    ... okay on input line 2.
LaTeX Font Info:    Checking defaults for OMX/cmex/m/n on input line 2.
LaTeX Font Info:    ... okay on input line 2.
LaTeX Font Info:    Checking defaults for U/cmr/m/n on input line 2.
LaTeX Font Info:    ... okay on input line 2.


/home/hpinedoh/Documents/GitHub/DocumentosApoyoAsignaturas/Asignaturas/DatosD.tex:5: LaTeX Error: Environment tabularx undefined.

See the LaTeX manual or LaTeX Companion for explanation.
Type  H <return>  for immediate help.
 ...                                              
                                                  
l.5         \begin{tabularx}
                            {1\textwidth}{| X | X |}
Your command was ignored.
Type  I <command> <return>  to replace it with another command,
or  <return>  to continue without it.

/home/hpinedoh/Documents/GitHub/DocumentosApoyoAsignaturas/Asignaturas/DatosD.tex:5: Missing number, treated as zero.
<to be read again> 
                   }
l.5         \begin{tabularx}{1\textwidth}
                                         {| X | X |}
A number should have been here; I inserted `0'.
(If you can't figure out why I needed to see a number,
look up `weird error' in the index to The TeXbook.)

/home/hpinedoh/Documents/GitHub/DocumentosApoyoAsignaturas/Asignaturas/DatosD.tex:5: Illegal unit of measure (pt inserted).
<to be read again> 
                   }
l.5         \begin{tabularx}{1\textwidth}
                                         {| X | X |}
Dimensions can be in units of em, ex, in, pt, pc,
cm, mm, dd, cc, nd, nc, bp, or sp; but yours is a new one!
I'll assume that you meant to say pt, for printer's points.
To recover gracefully from this error, it's best to
delete the erroneous units; e.g., type `2' to delete
two letters. (See Chapter 27 of The TeXbook.)

/home/hpinedoh/Documents/GitHub/DocumentosApoyoAsignaturas/Asignaturas/DatosD.tex:6: Misplaced \noalign.
\hline ->\noalign 
                  {\ifnum 0=`}\fi \hrule \@height \arrayrulewidth \futurelet...
l.6             \hline
                      
I expect to see \noalign only after the \cr of
an alignment. Proceed, and I'll ignore this case.

/home/hpinedoh/Documents/GitHub/DocumentosApoyoAsignaturas/Asignaturas/DatosD.tex:7: Misplaced \omit.
\multispan ->\omit 
                   \@multispan 
l.7 ...\cellcolor{green}}DATOS DE IDENTIFICACIÓN}
                                                   \\
I expect to see \omit only after tab marks or the \cr of
an alignment. Proceed, and I'll ignore this case.

/home/hpinedoh/Documents/GitHub/DocumentosApoyoAsignaturas/Asignaturas/DatosD.tex:7: Misplaced \span.
\sp@n ->\span 
              \omit \advance \@multicnt \m@ne 
l.7 ...\cellcolor{green}}DATOS DE IDENTIFICACIÓN}
                                                   \\
I can't figure out why you would want to use a tab mark
or \cr or \span just now. If something like a right brace
up above has ended a previous alignment prematurely,
you're probably due for more error messages, and you
might try typing `S' now just to see what is salvageable.

/home/hpinedoh/Documents/GitHub/DocumentosApoyoAsignaturas/Asignaturas/DatosD.tex:7: Misplaced \omit.
\sp@n ->\span \omit 
                    \advance \@multicnt \m@ne 
l.7 ...\cellcolor{green}}DATOS DE IDENTIFICACIÓN}
                                                   \\
I expect to see \omit only after tab marks or the \cr of
an alignment. Proceed, and I'll ignore this case.

/home/hpinedoh/Documents/GitHub/DocumentosApoyoAsignaturas/Asignaturas/DatosD.tex:7: Undefined control sequence.
<argument> ...nextchar \ifcase \@chclass \@classz 
                                                  \or \@classi \or \@classii...
l.7 ...\cellcolor{green}}DATOS DE IDENTIFICACIÓN}
                                                   \\
The control sequence at the end of the top line
of your error message was never \def'ed. If you have
misspelled it (e.g., `\hobx'), type `I' and the correct
spelling (e.g., `I\hbox'). Otherwise just continue,
and I'll forget about whatever was undefined.

/home/hpinedoh/Documents/GitHub/DocumentosApoyoAsignaturas/Asignaturas/DatosD.tex:7: Undefined control sequence.
\@classi ->\ifcase \@lastchclass \@acol 
                                        \@arrayrule \or \@addtopreamble {\hs...
l.7 ...\cellcolor{green}}DATOS DE IDENTIFICACIÓN}
                                                   \\
The control sequence at the end of the top line
of your error message was never \def'ed. If you have
misspelled it (e.g., `\hobx'), type `I' and the correct
spelling (e.g., `I\hbox'). Otherwise just continue,
and I'll forget about whatever was undefined.

/home/hpinedoh/Documents/GitHub/DocumentosApoyoAsignaturas/Asignaturas/DatosD.tex:8: Misplaced \noalign.
\hline ->\noalign 
                  {\ifnum 0=`}\fi \hrule \@height \arrayrulewidth \futurelet...
l.8             \hline
                      
I expect to see \noalign only after the \cr of
an alignment. Proceed, and I'll ignore this case.

/home/hpinedoh/Documents/GitHub/DocumentosApoyoAsignaturas/Asignaturas/DatosD.tex:9: Undefined control sequence.
<recently read> \rowcolor 
                          
l.9             \rowcolor
                         [rgb]{0.753,0.753,0.753}\centering {\it Nombre del ...
The control sequence at the end of the top line
of your error message was never \def'ed. If you have
misspelled it (e.g., `\hobx'), type `I' and the correct
spelling (e.g., `I\hbox'). Otherwise just continue,
and I'll forget about whatever was undefined.

/home/hpinedoh/Documents/GitHub/DocumentosApoyoAsignaturas/Asignaturas/DatosD.tex:9: Misplaced alignment tab character &.
l.9 ....753}\centering {\it Nombre del docente:} &
                                                    {\it Plantel:}  \\
I can't figure out why you would want to use a tab mark
here. If you just want an ampersand, the remedy is
simple: Just type `I\&' now. But if some right brace
up above has ended a previous alignment prematurely,
you're probably due for more error messages, and you
might try typing `S' now just to see what is salvageable.

/home/hpinedoh/Documents/GitHub/DocumentosApoyoAsignaturas/Asignaturas/DatosD.tex:10: Misplaced \noalign.
\hline ->\noalign 
                  {\ifnum 0=`}\fi \hrule \@height \arrayrulewidth \futurelet...
l.10             \hline
                       
I expect to see \noalign only after the \cr of
an alignment. Proceed, and I'll ignore this case.

/home/hpinedoh/Documents/GitHub/DocumentosApoyoAsignaturas/Asignaturas/DatosD.tex:11: Misplaced alignment tab character &.
l.11 ... {\bf Prof. Heraclio Pinedo Hernández.} &
                                                   {\bf 16 Ignacio Zaragoza....
I can't figure out why you would want to use a tab mark
here. If you just want an ampersand, the remedy is
simple: Just type `I\&' now. But if some right brace
up above has ended a previous alignment prematurely,
you're probably due for more error messages, and you
might try typing `S' now just to see what is salvageable.

/home/hpinedoh/Documents/GitHub/DocumentosApoyoAsignaturas/Asignaturas/DatosD.tex:12: Misplaced \noalign.
\hline ->\noalign 
                  {\ifnum 0=`}\fi \hrule \@height \arrayrulewidth \futurelet...
l.12             \hline
                       
I expect to see \noalign only after the \cr of
an alignment. Proceed, and I'll ignore this case.

/home/hpinedoh/Documents/GitHub/DocumentosApoyoAsignaturas/Asignaturas/DatosD.tex:13: Undefined control sequence.
<recently read> \rowcolor 
                          
l.13             \rowcolor
                          [rgb]{0.753,0.753,0.753}
The control sequence at the end of the top line
of your error message was never \def'ed. If you have
misspelled it (e.g., `\hobx'), type `I' and the correct
spelling (e.g., `I\hbox'). Otherwise just continue,
and I'll forget about whatever was undefined.

/home/hpinedoh/Documents/GitHub/DocumentosApoyoAsignaturas/Asignaturas/DatosD.tex:14: Misplaced alignment tab character &.
l.14             {\it Correo eletrónico:} &
                                             {\it Teléfono:} \\
I can't figure out why you would want to use a tab mark
here. If you just want an ampersand, the remedy is
simple: Just type `I\&' now. But if some right brace
up above has ended a previous alignment prematurely,
you're probably due for more error messages, and you
might try typing `S' now just to see what is salvageable.

/home/hpinedoh/Documents/GitHub/DocumentosApoyoAsignaturas/Asignaturas/DatosD.tex:15: Misplaced \noalign.
\hline ->\noalign 
                  {\ifnum 0=`}\fi \hrule \@height \arrayrulewidth \futurelet...
l.15             \hline
                       
I expect to see \noalign only after the \cr of
an alignment. Proceed, and I'll ignore this case.

/home/hpinedoh/Documents/GitHub/DocumentosApoyoAsignaturas/Asignaturas/DatosD.tex:16: Misplaced alignment tab character &.
l.16 ...  {\bf hpinedohernandez@cobaezac.edu.mx} &
                                                   {\bf (496) 114 7759} \\
I can't figure out why you would want to use a tab mark
here. If you just want an ampersand, the remedy is
simple: Just type `I\&' now. But if some right brace
up above has ended a previous alignment prematurely,
you're probably due for more error messages, and you
might try typing `S' now just to see what is salvageable.

/home/hpinedoh/Documents/GitHub/DocumentosApoyoAsignaturas/Asignaturas/DatosD.tex:17: Misplaced \noalign.
\hline ->\noalign 
                  {\ifnum 0=`}\fi \hrule \@height \arrayrulewidth \futurelet...
l.17             \hline
                       
I expect to see \noalign only after the \cr of
an alignment. Proceed, and I'll ignore this case.


/home/hpinedoh/Documents/GitHub/DocumentosApoyoAsignaturas/Asignaturas/DatosD.tex:18: LaTeX Error: \begin{center} on input line 4 ended by \end{tabularx}.

See the LaTeX manual or LaTeX Companion for explanation.
Type  H <return>  for immediate help.
 ...                                              
                                                  
l.18         \end{tabularx}
                           
Your command was ignored.
Type  I <command> <return>  to replace it with another command,
or  <return>  to continue without it.



[1

{/var/lib/texmf/fonts/map/pdftex/updmap/pdftex.map}] (./DatosD.aux)
 ***********
LaTeX2e <2024-11-01> patch level 2
L3 programming layer <2025-01-18>
 ***********
 ) 
Here is how much of TeX's memory you used:
 446 strings out of 473197
 8624 string characters out of 5718606
 396259 words of memory out of 5000000
 23776 multiletter control sequences out of 15000+600000
 559491 words of font info for 38 fonts, out of 8000000 for 9000
 1141 hyphenation exceptions out of 8191
 35i,5n,50p,212b,144s stack positions out of 10000i,1000n,20000p,200000b,200000s
</usr/share/texlive/texmf-dist/fonts/type1/public/amsfonts/cm/cmbx10.pfb></usr/share/texlive/texmf-dist/fonts/type1/public/amsfonts/cm/cmr10.pfb></usr/share/texlive/texmf-dist/fonts/type1/public/amsfonts/cm/cmti10.pfb>
Output written on DatosD.pdf (1 page, 42353 bytes).
PDF statistics:
 23 PDF objects out of 1000 (max. 8388607)
 13 compressed objects within 1 object stream
 0 named destinations out of 1000 (max. 500000)
 1 words of extra memory for PDF output out of 10000 (max. 10000000)

