This is pdfTeX, Version 3.141592653-2.6-1.40.26 (TeX Live 2025/dev/Debian) (preloaded format=pdflatex 2026.1.6)  6 JAN 2026 18:35
entering extended mode
 restricted \write18 enabled.
 file:line:error style messages enabled.
 %&-line parsing enabled.
**"/home/hpinedoh/Documents/GitHub/DocumentosApoyoAsignaturas/Asignaturas/CulturaDigital/DatosAC copy.tex"
(/home/hpinedoh/Documents/GitHub/DocumentosApoyoAsignaturas/Asignaturas/CulturaDigital/DatosAC copy.tex
LaTeX2e <2024-11-01> patch level 2
L3 programming layer <2025-01-18>

/home/hpinedoh/Documents/GitHub/DocumentosApoyoAsignaturas/Asignaturas/CulturaDigital/DatosAC copy.tex:1: LaTeX Error: Environment tabularx undefined.

See the LaTeX manual or LaTeX Companion for explanation.
Type  H <return>  for immediate help.
 ...                                              
                                                  
l.1     \begin{tabularx}
                        {1\textwidth}{| X | X | X | X |}
Your command was ignored.
Type  I <command> <return>  to replace it with another command,
or  <return>  to continue without it.


/home/hpinedoh/Documents/GitHub/DocumentosApoyoAsignaturas/Asignaturas/CulturaDigital/DatosAC copy.tex:1: LaTeX Error: Missing \begin{document}.

See the LaTeX manual or LaTeX Companion for explanation.
Type  H <return>  for immediate help.
 ...                                              
                                                  
l.1     \begin{tabularx}{1
                          \textwidth}{| X | X | X | X |}
You're in trouble here.  Try typing  <return>  to proceed.
If that doesn't work, type  X <return>  to quit.

Missing character: There is no 1 in font nullfont!
/home/hpinedoh/Documents/GitHub/DocumentosApoyoAsignaturas/Asignaturas/CulturaDigital/DatosAC copy.tex:1: Missing number, treated as zero.
<to be read again> 
                   }
l.1     \begin{tabularx}{1\textwidth}
                                     {| X | X | X | X |}
A number should have been here; I inserted `0'.
(If you can't figure out why I needed to see a number,
look up `weird error' in the index to The TeXbook.)

/home/hpinedoh/Documents/GitHub/DocumentosApoyoAsignaturas/Asignaturas/CulturaDigital/DatosAC copy.tex:1: Illegal unit of measure (pt inserted).
<to be read again> 
                   }
l.1     \begin{tabularx}{1\textwidth}
                                     {| X | X | X | X |}
Dimensions can be in units of em, ex, in, pt, pc,
cm, mm, dd, cc, nd, nc, bp, or sp; but yours is a new one!
I'll assume that you meant to say pt, for printer's points.
To recover gracefully from this error, it's best to
delete the erroneous units; e.g., type `2' to delete
two letters. (See Chapter 27 of The TeXbook.)

Missing character: There is no | in font nullfont!
Missing character: There is no X in font nullfont!
Missing character: There is no | in font nullfont!
Missing character: There is no X in font nullfont!
Missing character: There is no | in font nullfont!
Missing character: There is no X in font nullfont!
Missing character: There is no | in font nullfont!
Missing character: There is no X in font nullfont!
Missing character: There is no | in font nullfont!
/home/hpinedoh/Documents/GitHub/DocumentosApoyoAsignaturas/Asignaturas/CulturaDigital/DatosAC copy.tex:2: Misplaced \noalign.
\hline ->\noalign 
                  {\ifnum 0=`}\fi \hrule \@height \arrayrulewidth \futurelet...
l.2         \hline
                  
I expect to see \noalign only after the \cr of
an alignment. Proceed, and I'll ignore this case.


Overfull \hbox (20.0pt too wide) in paragraph at lines 1--2
[]
 []

/home/hpinedoh/Documents/GitHub/DocumentosApoyoAsignaturas/Asignaturas/CulturaDigital/DatosAC copy.tex:3: Misplaced \omit.
\multispan ->\omit 
                   \@multispan 
l.3 ...olor{green}}DATOS DEL AREA DE CONOCIMIENTO}
                                                    \endfirsthead \hline
I expect to see \omit only after tab marks or the \cr of
an alignment. Proceed, and I'll ignore this case.

/home/hpinedoh/Documents/GitHub/DocumentosApoyoAsignaturas/Asignaturas/CulturaDigital/DatosAC copy.tex:3: Misplaced \span.
\sp@n ->\span 
              \omit \advance \@multicnt \m@ne 
l.3 ...olor{green}}DATOS DEL AREA DE CONOCIMIENTO}
                                                    \endfirsthead \hline
I can't figure out why you would want to use a tab mark
or \cr or \span just now. If something like a right brace
up above has ended a previous alignment prematurely,
you're probably due for more error messages, and you
might try typing `S' now just to see what is salvageable.

/home/hpinedoh/Documents/GitHub/DocumentosApoyoAsignaturas/Asignaturas/CulturaDigital/DatosAC copy.tex:3: Misplaced \omit.
\sp@n ->\span \omit 
                    \advance \@multicnt \m@ne 
l.3 ...olor{green}}DATOS DEL AREA DE CONOCIMIENTO}
                                                    \endfirsthead \hline
I expect to see \omit only after tab marks or the \cr of
an alignment. Proceed, and I'll ignore this case.

/home/hpinedoh/Documents/GitHub/DocumentosApoyoAsignaturas/Asignaturas/CulturaDigital/DatosAC copy.tex:3: Misplaced \span.
\sp@n ->\span 
              \omit \advance \@multicnt \m@ne 
l.3 ...olor{green}}DATOS DEL AREA DE CONOCIMIENTO}
                                                    \endfirsthead \hline
I can't figure out why you would want to use a tab mark
or \cr or \span just now. If something like a right brace
up above has ended a previous alignment prematurely,
you're probably due for more error messages, and you
might try typing `S' now just to see what is salvageable.

/home/hpinedoh/Documents/GitHub/DocumentosApoyoAsignaturas/Asignaturas/CulturaDigital/DatosAC copy.tex:3: Misplaced \omit.
\sp@n ->\span \omit 
                    \advance \@multicnt \m@ne 
l.3 ...olor{green}}DATOS DEL AREA DE CONOCIMIENTO}
                                                    \endfirsthead \hline
I expect to see \omit only after tab marks or the \cr of
an alignment. Proceed, and I'll ignore this case.

/home/hpinedoh/Documents/GitHub/DocumentosApoyoAsignaturas/Asignaturas/CulturaDigital/DatosAC copy.tex:3: Misplaced \span.
\sp@n ->\span 
              \omit \advance \@multicnt \m@ne 
l.3 ...olor{green}}DATOS DEL AREA DE CONOCIMIENTO}
                                                    \endfirsthead \hline
I can't figure out why you would want to use a tab mark
or \cr or \span just now. If something like a right brace
up above has ended a previous alignment prematurely,
you're probably due for more error messages, and you
might try typing `S' now just to see what is salvageable.

/home/hpinedoh/Documents/GitHub/DocumentosApoyoAsignaturas/Asignaturas/CulturaDigital/DatosAC copy.tex:3: Misplaced \omit.
\sp@n ->\span \omit 
                    \advance \@multicnt \m@ne 
l.3 ...olor{green}}DATOS DEL AREA DE CONOCIMIENTO}
                                                    \endfirsthead \hline
I expect to see \omit only after tab marks or the \cr of
an alignment. Proceed, and I'll ignore this case.

/home/hpinedoh/Documents/GitHub/DocumentosApoyoAsignaturas/Asignaturas/CulturaDigital/DatosAC copy.tex:3: Undefined control sequence.
<argument> ...nextchar \ifcase \@chclass \@classz 
                                                  \or \@classi \or \@classii...
l.3 ...olor{green}}DATOS DEL AREA DE CONOCIMIENTO}
                                                    \endfirsthead \hline
The control sequence at the end of the top line
of your error message was never \def'ed. If you have
misspelled it (e.g., `\hobx'), type `I' and the correct
spelling (e.g., `I\hbox'). Otherwise just continue,
and I'll forget about whatever was undefined.

/home/hpinedoh/Documents/GitHub/DocumentosApoyoAsignaturas/Asignaturas/CulturaDigital/DatosAC copy.tex:3: Undefined control sequence.
\@classi ->\ifcase \@lastchclass \@acol 
                                        \@arrayrule \or \@addtopreamble {\hs...
l.3 ...olor{green}}DATOS DEL AREA DE CONOCIMIENTO}
                                                    \endfirsthead \hline
The control sequence at the end of the top line
of your error message was never \def'ed. If you have
misspelled it (e.g., `\hobx'), type `I' and the correct
spelling (e.g., `I\hbox'). Otherwise just continue,
and I'll forget about whatever was undefined.


/home/hpinedoh/Documents/GitHub/DocumentosApoyoAsignaturas/Asignaturas/CulturaDigital/DatosAC copy.tex:3: LaTeX Error: Missing \begin{document}.

See the LaTeX manual or LaTeX Companion for explanation.
Type  H <return>  for immediate help.
 ...                                              
                                                  
l.3 ...olor{green}}DATOS DEL AREA DE CONOCIMIENTO}
                                                    \endfirsthead \hline
You're in trouble here.  Try typing  <return>  to proceed.
If that doesn't work, type  X <return>  to quit.

/home/hpinedoh/Documents/GitHub/DocumentosApoyoAsignaturas/Asignaturas/CulturaDigital/DatosAC copy.tex:3: Undefined control sequence.
l.3 ...OS DEL AREA DE CONOCIMIENTO}  \endfirsthead
                                                   \hline
The control sequence at the end of the top line
of your error message was never \def'ed. If you have
misspelled it (e.g., `\hobx'), type `I' and the correct
spelling (e.g., `I\hbox'). Otherwise just continue,
and I'll forget about whatever was undefined.

/home/hpinedoh/Documents/GitHub/DocumentosApoyoAsignaturas/Asignaturas/CulturaDigital/DatosAC copy.tex:3: Misplaced \noalign.
\hline ->\noalign 
                  {\ifnum 0=`}\fi \hrule \@height \arrayrulewidth \futurelet...
l.3 ...AREA DE CONOCIMIENTO}  \endfirsthead \hline
                                                  
I expect to see \noalign only after the \cr of
an alignment. Proceed, and I'll ignore this case.


Overfull \hbox (20.0pt too wide) in paragraph at lines 3--3
[]
 []

/home/hpinedoh/Documents/GitHub/DocumentosApoyoAsignaturas/Asignaturas/CulturaDigital/DatosAC copy.tex:4: Undefined control sequence.
<recently read> \rowcolor 
                          
l.4         \rowcolor
                     [rgb]{0.753,0.753,0.753}\multicolumn{4}{| l |}{Unidad d...
The control sequence at the end of the top line
of your error message was never \def'ed. If you have
misspelled it (e.g., `\hobx'), type `I' and the correct
spelling (e.g., `I\hbox'). Otherwise just continue,
and I'll forget about whatever was undefined.


/home/hpinedoh/Documents/GitHub/DocumentosApoyoAsignaturas/Asignaturas/CulturaDigital/DatosAC copy.tex:4: LaTeX Error: Missing \begin{document}.

See the LaTeX manual or LaTeX Companion for explanation.
Type  H <return>  for immediate help.
 ...                                              
                                                  
l.4         \rowcolor[
                      rgb]{0.753,0.753,0.753}\multicolumn{4}{| l |}{Unidad d...
You're in trouble here.  Try typing  <return>  to proceed.
If that doesn't work, type  X <return>  to quit.

Missing character: There is no [ in font nullfont!
Missing character: There is no r in font nullfont!
Missing character: There is no g in font nullfont!
Missing character: There is no b in font nullfont!
Missing character: There is no ] in font nullfont!
Missing character: There is no 0 in font nullfont!
Missing character: There is no . in font nullfont!
Missing character: There is no 7 in font nullfont!
Missing character: There is no 5 in font nullfont!
Missing character: There is no 3 in font nullfont!
Missing character: There is no , in font nullfont!
Missing character: There is no 0 in font nullfont!
Missing character: There is no . in font nullfont!
Missing character: There is no 7 in font nullfont!
Missing character: There is no 5 in font nullfont!
Missing character: There is no 3 in font nullfont!
Missing character: There is no , in font nullfont!
Missing character: There is no 0 in font nullfont!
Missing character: There is no . in font nullfont!
Missing character: There is no 7 in font nullfont!
Missing character: There is no 5 in font nullfont!
Missing character: There is no 3 in font nullfont!
/home/hpinedoh/Documents/GitHub/DocumentosApoyoAsignaturas/Asignaturas/CulturaDigital/DatosAC copy.tex:4: Misplaced \omit.
\multispan ->\omit 
                   \@multispan 
l.4 ...lticolumn{4}{| l |}{Unidad de aprendizaje:}
                                                                            ...
I expect to see \omit only after tab marks or the \cr of
an alignment. Proceed, and I'll ignore this case.

/home/hpinedoh/Documents/GitHub/DocumentosApoyoAsignaturas/Asignaturas/CulturaDigital/DatosAC copy.tex:4: Misplaced \span.
\sp@n ->\span 
              \omit \advance \@multicnt \m@ne 
l.4 ...lticolumn{4}{| l |}{Unidad de aprendizaje:}
                                                                            ...
I can't figure out why you would want to use a tab mark
or \cr or \span just now. If something like a right brace
up above has ended a previous alignment prematurely,
you're probably due for more error messages, and you
might try typing `S' now just to see what is salvageable.

/home/hpinedoh/Documents/GitHub/DocumentosApoyoAsignaturas/Asignaturas/CulturaDigital/DatosAC copy.tex:4: Misplaced \omit.
\sp@n ->\span \omit 
                    \advance \@multicnt \m@ne 
l.4 ...lticolumn{4}{| l |}{Unidad de aprendizaje:}
                                                                            ...
I expect to see \omit only after tab marks or the \cr of
an alignment. Proceed, and I'll ignore this case.

/home/hpinedoh/Documents/GitHub/DocumentosApoyoAsignaturas/Asignaturas/CulturaDigital/DatosAC copy.tex:4: Misplaced \span.
\sp@n ->\span 
              \omit \advance \@multicnt \m@ne 
l.4 ...lticolumn{4}{| l |}{Unidad de aprendizaje:}
                                                                            ...
I can't figure out why you would want to use a tab mark
or \cr or \span just now. If something like a right brace
up above has ended a previous alignment prematurely,
you're probably due for more error messages, and you
might try typing `S' now just to see what is salvageable.

/home/hpinedoh/Documents/GitHub/DocumentosApoyoAsignaturas/Asignaturas/CulturaDigital/DatosAC copy.tex:4: Misplaced \omit.
\sp@n ->\span \omit 
                    \advance \@multicnt \m@ne 
l.4 ...lticolumn{4}{| l |}{Unidad de aprendizaje:}
                                                                            ...
I expect to see \omit only after tab marks or the \cr of
an alignment. Proceed, and I'll ignore this case.

/home/hpinedoh/Documents/GitHub/DocumentosApoyoAsignaturas/Asignaturas/CulturaDigital/DatosAC copy.tex:4: Misplaced \span.
\sp@n ->\span 
              \omit \advance \@multicnt \m@ne 
l.4 ...lticolumn{4}{| l |}{Unidad de aprendizaje:}
                                                                            ...
I can't figure out why you would want to use a tab mark
or \cr or \span just now. If something like a right brace
up above has ended a previous alignment prematurely,
you're probably due for more error messages, and you
might try typing `S' now just to see what is salvageable.

/home/hpinedoh/Documents/GitHub/DocumentosApoyoAsignaturas/Asignaturas/CulturaDigital/DatosAC copy.tex:4: Misplaced \omit.
\sp@n ->\span \omit 
                    \advance \@multicnt \m@ne 
l.4 ...lticolumn{4}{| l |}{Unidad de aprendizaje:}
                                                                            ...
I expect to see \omit only after tab marks or the \cr of
an alignment. Proceed, and I'll ignore this case.

/home/hpinedoh/Documents/GitHub/DocumentosApoyoAsignaturas/Asignaturas/CulturaDigital/DatosAC copy.tex:4: Undefined control sequence.
<argument> ...nextchar \ifcase \@chclass \@classz 
                                                  \or \@classi \or \@classii...
l.4 ...lticolumn{4}{| l |}{Unidad de aprendizaje:}
                                                                            ...
The control sequence at the end of the top line
of your error message was never \def'ed. If you have
misspelled it (e.g., `\hobx'), type `I' and the correct
spelling (e.g., `I\hbox'). Otherwise just continue,
and I'll forget about whatever was undefined.

/home/hpinedoh/Documents/GitHub/DocumentosApoyoAsignaturas/Asignaturas/CulturaDigital/DatosAC copy.tex:4: Undefined control sequence.
\@classi ->\ifcase \@lastchclass \@acol 
                                        \@arrayrule \or \@addtopreamble {\hs...
l.4 ...lticolumn{4}{| l |}{Unidad de aprendizaje:}
                                                                            ...
The control sequence at the end of the top line
of your error message was never \def'ed. If you have
misspelled it (e.g., `\hobx'), type `I' and the correct
spelling (e.g., `I\hbox'). Otherwise just continue,
and I'll forget about whatever was undefined.

/home/hpinedoh/Documents/GitHub/DocumentosApoyoAsignaturas/Asignaturas/CulturaDigital/DatosAC copy.tex:5: Misplaced \noalign.
\hline ->\noalign 
                  {\ifnum 0=`}\fi \hrule \@height \arrayrulewidth \futurelet...
l.5         \hline
                   \multicolumn{4}{| p{0.962\textwidth} |}{\bf Cultura digit...
I expect to see \noalign only after the \cr of
an alignment. Proceed, and I'll ignore this case.


Overfull \hbox (20.0pt too wide) in paragraph at lines 4--5
[]
 []

/home/hpinedoh/Documents/GitHub/DocumentosApoyoAsignaturas/Asignaturas/CulturaDigital/DatosAC copy.tex:5: Misplaced \omit.
\multispan ->\omit 
                   \@multispan 
l.5 ...0.962\textwidth} |}{\bf Cultura digital I.}
                                                                            ...
I expect to see \omit only after tab marks or the \cr of
an alignment. Proceed, and I'll ignore this case.

/home/hpinedoh/Documents/GitHub/DocumentosApoyoAsignaturas/Asignaturas/CulturaDigital/DatosAC copy.tex:5: Misplaced \span.
\sp@n ->\span 
              \omit \advance \@multicnt \m@ne 
l.5 ...0.962\textwidth} |}{\bf Cultura digital I.}
                                                                            ...
I can't figure out why you would want to use a tab mark
or \cr or \span just now. If something like a right brace
up above has ended a previous alignment prematurely,
you're probably due for more error messages, and you
might try typing `S' now just to see what is salvageable.

/home/hpinedoh/Documents/GitHub/DocumentosApoyoAsignaturas/Asignaturas/CulturaDigital/DatosAC copy.tex:5: Misplaced \omit.
\sp@n ->\span \omit 
                    \advance \@multicnt \m@ne 
l.5 ...0.962\textwidth} |}{\bf Cultura digital I.}
                                                                            ...
I expect to see \omit only after tab marks or the \cr of
an alignment. Proceed, and I'll ignore this case.

/home/hpinedoh/Documents/GitHub/DocumentosApoyoAsignaturas/Asignaturas/CulturaDigital/DatosAC copy.tex:5: Misplaced \span.
\sp@n ->\span 
              \omit \advance \@multicnt \m@ne 
l.5 ...0.962\textwidth} |}{\bf Cultura digital I.}
                                                                            ...
I can't figure out why you would want to use a tab mark
or \cr or \span just now. If something like a right brace
up above has ended a previous alignment prematurely,
you're probably due for more error messages, and you
might try typing `S' now just to see what is salvageable.

/home/hpinedoh/Documents/GitHub/DocumentosApoyoAsignaturas/Asignaturas/CulturaDigital/DatosAC copy.tex:5: Misplaced \omit.
\sp@n ->\span \omit 
                    \advance \@multicnt \m@ne 
l.5 ...0.962\textwidth} |}{\bf Cultura digital I.}
                                                                            ...
I expect to see \omit only after tab marks or the \cr of
an alignment. Proceed, and I'll ignore this case.

/home/hpinedoh/Documents/GitHub/DocumentosApoyoAsignaturas/Asignaturas/CulturaDigital/DatosAC copy.tex:5: Misplaced \span.
\sp@n ->\span 
              \omit \advance \@multicnt \m@ne 
l.5 ...0.962\textwidth} |}{\bf Cultura digital I.}
                                                                            ...
I can't figure out why you would want to use a tab mark
or \cr or \span just now. If something like a right brace
up above has ended a previous alignment prematurely,
you're probably due for more error messages, and you
might try typing `S' now just to see what is salvageable.

/home/hpinedoh/Documents/GitHub/DocumentosApoyoAsignaturas/Asignaturas/CulturaDigital/DatosAC copy.tex:5: Misplaced \omit.
\sp@n ->\span \omit 
                    \advance \@multicnt \m@ne 
l.5 ...0.962\textwidth} |}{\bf Cultura digital I.}
                                                                            ...
I expect to see \omit only after tab marks or the \cr of
an alignment. Proceed, and I'll ignore this case.

/home/hpinedoh/Documents/GitHub/DocumentosApoyoAsignaturas/Asignaturas/CulturaDigital/DatosAC copy.tex:5: Undefined control sequence.
\@classiii ...s \@acolampacol \or \@addamp \@acol 
                                                  \or \or \or \@addamp \or \...
l.5 ...0.962\textwidth} |}{\bf Cultura digital I.}
                                                                            ...
The control sequence at the end of the top line
of your error message was never \def'ed. If you have
misspelled it (e.g., `\hobx'), type `I' and the correct
spelling (e.g., `I\hbox'). Otherwise just continue,
and I'll forget about whatever was undefined.

/home/hpinedoh/Documents/GitHub/DocumentosApoyoAsignaturas/Asignaturas/CulturaDigital/DatosAC copy.tex:5: Undefined control sequence.
\@classi ...le \or \or \or \@arrayrule \or \@acol 
                                                  \@arrayrule \or \@arrayrul...
l.5 ...0.962\textwidth} |}{\bf Cultura digital I.}
                                                                            ...
The control sequence at the end of the top line
of your error message was never \def'ed. If you have
misspelled it (e.g., `\hobx'), type `I' and the correct
spelling (e.g., `I\hbox'). Otherwise just continue,
and I'll forget about whatever was undefined.


/home/hpinedoh/Documents/GitHub/DocumentosApoyoAsignaturas/Asignaturas/CulturaDigital/DatosAC copy.tex:5: LaTeX Error: Missing \begin{document}.

See the LaTeX manual or LaTeX Companion for explanation.
Type  H <return>  for immediate help.
 ...                                              
                                                  
l.5 ...0.962\textwidth} |}{\bf Cultura digital I.}
                                                                            ...
You're in trouble here.  Try typing  <return>  to proceed.
If that doesn't work, type  X <return>  to quit.

/home/hpinedoh/Documents/GitHub/DocumentosApoyoAsignaturas/Asignaturas/CulturaDigital/DatosAC copy.tex:5: Undefined control sequence.
\@sharp ->\bf 
              Cultura digital I.
l.5 ...0.962\textwidth} |}{\bf Cultura digital I.}
                                                                            ...
The control sequence at the end of the top line
of your error message was never \def'ed. If you have
misspelled it (e.g., `\hobx'), type `I' and the correct
spelling (e.g., `I\hbox'). Otherwise just continue,
and I'll forget about whatever was undefined.

Missing character: There is no C in font nullfont!
Missing character: There is no u in font nullfont!
Missing character: There is no l in font nullfont!
Missing character: There is no t in font nullfont!
Missing character: There is no u in font nullfont!
Missing character: There is no r in font nullfont!
Missing character: There is no a in font nullfont!
Missing character: There is no d in font nullfont!
Missing character: There is no i in font nullfont!
Missing character: There is no g in font nullfont!
Missing character: There is no i in font nullfont!
Missing character: There is no t in font nullfont!
Missing character: There is no a in font nullfont!
Missing character: There is no l in font nullfont!
Missing character: There is no I in font nullfont!
Missing character: There is no . in font nullfont!
/home/hpinedoh/Documents/GitHub/DocumentosApoyoAsignaturas/Asignaturas/CulturaDigital/DatosAC copy.tex:5: Misplaced \noalign.
\hline ->\noalign 
                  {\ifnum 0=`}\fi \hrule \@height \arrayrulewidth \futurelet...
l.5 ...l I.}                             \\ \hline
                                                  
I expect to see \noalign only after the \cr of
an alignment. Proceed, and I'll ignore this case.


Overfull \hbox (20.0pt too wide) in paragraph at lines 5--5
[]
 []


Overfull \hbox (7880.74998pt too wide) in paragraph at lines 5--5
[]
 []

/home/hpinedoh/Documents/GitHub/DocumentosApoyoAsignaturas/Asignaturas/CulturaDigital/DatosAC copy.tex:6: Undefined control sequence.
<recently read> \rowcolor 
                          
l.6         \rowcolor
                     [rgb]{0.753,0.753,0.753}\multicolumn{2}{| l |}{Parcial:...
The control sequence at the end of the top line
of your error message was never \def'ed. If you have
misspelled it (e.g., `\hobx'), type `I' and the correct
spelling (e.g., `I\hbox'). Otherwise just continue,
and I'll forget about whatever was undefined.


/home/hpinedoh/Documents/GitHub/DocumentosApoyoAsignaturas/Asignaturas/CulturaDigital/DatosAC copy.tex:6: LaTeX Error: Missing \begin{document}.

See the LaTeX manual or LaTeX Companion for explanation.
Type  H <return>  for immediate help.
 ...                                              
                                                  
l.6         \rowcolor[
                      rgb]{0.753,0.753,0.753}\multicolumn{2}{| l |}{Parcial:...
You're in trouble here.  Try typing  <return>  to proceed.
If that doesn't work, type  X <return>  to quit.

Missing character: There is no [ in font nullfont!
Missing character: There is no r in font nullfont!
Missing character: There is no g in font nullfont!
Missing character: There is no b in font nullfont!
Missing character: There is no ] in font nullfont!
Missing character: There is no 0 in font nullfont!
Missing character: There is no . in font nullfont!
Missing character: There is no 7 in font nullfont!
Missing character: There is no 5 in font nullfont!
Missing character: There is no 3 in font nullfont!
Missing character: There is no , in font nullfont!
Missing character: There is no 0 in font nullfont!
Missing character: There is no . in font nullfont!
Missing character: There is no 7 in font nullfont!
Missing character: There is no 5 in font nullfont!
Missing character: There is no 3 in font nullfont!
Missing character: There is no , in font nullfont!
Missing character: There is no 0 in font nullfont!
Missing character: There is no . in font nullfont!
Missing character: There is no 7 in font nullfont!
Missing character: There is no 5 in font nullfont!
Missing character: There is no 3 in font nullfont!
/home/hpinedoh/Documents/GitHub/DocumentosApoyoAsignaturas/Asignaturas/CulturaDigital/DatosAC copy.tex:6: Misplaced \omit.
\multispan ->\omit 
                   \@multispan 
l.6 ....753,0.753}\multicolumn{2}{| l |}{Parcial:}
                                                     & \multicolumn{2}{ l |}...
I expect to see \omit only after tab marks or the \cr of
an alignment. Proceed, and I'll ignore this case.

/home/hpinedoh/Documents/GitHub/DocumentosApoyoAsignaturas/Asignaturas/CulturaDigital/DatosAC copy.tex:6: Misplaced \span.
\sp@n ->\span 
              \omit \advance \@multicnt \m@ne 
l.6 ....753,0.753}\multicolumn{2}{| l |}{Parcial:}
                                                     & \multicolumn{2}{ l |}...
I can't figure out why you would want to use a tab mark
or \cr or \span just now. If something like a right brace
up above has ended a previous alignment prematurely,
you're probably due for more error messages, and you
might try typing `S' now just to see what is salvageable.

/home/hpinedoh/Documents/GitHub/DocumentosApoyoAsignaturas/Asignaturas/CulturaDigital/DatosAC copy.tex:6: Misplaced \omit.
\sp@n ->\span \omit 
                    \advance \@multicnt \m@ne 
l.6 ....753,0.753}\multicolumn{2}{| l |}{Parcial:}
                                                     & \multicolumn{2}{ l |}...
I expect to see \omit only after tab marks or the \cr of
an alignment. Proceed, and I'll ignore this case.

/home/hpinedoh/Documents/GitHub/DocumentosApoyoAsignaturas/Asignaturas/CulturaDigital/DatosAC copy.tex:6: Undefined control sequence.
<argument> ...nextchar \ifcase \@chclass \@classz 
                                                  \or \@classi \or \@classii...
l.6 ....753,0.753}\multicolumn{2}{| l |}{Parcial:}
                                                     & \multicolumn{2}{ l |}...
The control sequence at the end of the top line
of your error message was never \def'ed. If you have
misspelled it (e.g., `\hobx'), type `I' and the correct
spelling (e.g., `I\hbox'). Otherwise just continue,
and I'll forget about whatever was undefined.

/home/hpinedoh/Documents/GitHub/DocumentosApoyoAsignaturas/Asignaturas/CulturaDigital/DatosAC copy.tex:6: Undefined control sequence.
\@classi ->\ifcase \@lastchclass \@acol 
                                        \@arrayrule \or \@addtopreamble {\hs...
l.6 ....753,0.753}\multicolumn{2}{| l |}{Parcial:}
                                                     & \multicolumn{2}{ l |}...
The control sequence at the end of the top line
of your error message was never \def'ed. If you have
misspelled it (e.g., `\hobx'), type `I' and the correct
spelling (e.g., `I\hbox'). Otherwise just continue,
and I'll forget about whatever was undefined.

/home/hpinedoh/Documents/GitHub/DocumentosApoyoAsignaturas/Asignaturas/CulturaDigital/DatosAC copy.tex:6: Misplaced alignment tab character &.
l.6 ...,0.753}\multicolumn{2}{| l |}{Parcial:}   &
                                                   \multicolumn{2}{ l |}{Sem...
I can't figure out why you would want to use a tab mark
here. If you just want an ampersand, the remedy is
simple: Just type `I\&' now. But if some right brace
up above has ended a previous alignment prematurely,
you're probably due for more error messages, and you
might try typing `S' now just to see what is salvageable.

/home/hpinedoh/Documents/GitHub/DocumentosApoyoAsignaturas/Asignaturas/CulturaDigital/DatosAC copy.tex:6: Misplaced \omit.
\multispan ->\omit 
                   \@multispan 
l.6 ...cial:}   & \multicolumn{2}{ l |}{Semestre:}
                                                   \\ \hline
I expect to see \omit only after tab marks or the \cr of
an alignment. Proceed, and I'll ignore this case.

/home/hpinedoh/Documents/GitHub/DocumentosApoyoAsignaturas/Asignaturas/CulturaDigital/DatosAC copy.tex:6: Misplaced \span.
\sp@n ->\span 
              \omit \advance \@multicnt \m@ne 
l.6 ...cial:}   & \multicolumn{2}{ l |}{Semestre:}
                                                   \\ \hline
I can't figure out why you would want to use a tab mark
or \cr or \span just now. If something like a right brace
up above has ended a previous alignment prematurely,
you're probably due for more error messages, and you
might try typing `S' now just to see what is salvageable.

/home/hpinedoh/Documents/GitHub/DocumentosApoyoAsignaturas/Asignaturas/CulturaDigital/DatosAC copy.tex:6: Misplaced \omit.
\sp@n ->\span \omit 
                    \advance \@multicnt \m@ne 
l.6 ...cial:}   & \multicolumn{2}{ l |}{Semestre:}
                                                   \\ \hline
I expect to see \omit only after tab marks or the \cr of
an alignment. Proceed, and I'll ignore this case.

/home/hpinedoh/Documents/GitHub/DocumentosApoyoAsignaturas/Asignaturas/CulturaDigital/DatosAC copy.tex:6: Undefined control sequence.
<argument> ...nextchar \ifcase \@chclass \@classz 
                                                  \or \@classi \or \@classii...
l.6 ...cial:}   & \multicolumn{2}{ l |}{Semestre:}
                                                   \\ \hline
The control sequence at the end of the top line
of your error message was never \def'ed. If you have
misspelled it (e.g., `\hobx'), type `I' and the correct
spelling (e.g., `I\hbox'). Otherwise just continue,
and I'll forget about whatever was undefined.

/home/hpinedoh/Documents/GitHub/DocumentosApoyoAsignaturas/Asignaturas/CulturaDigital/DatosAC copy.tex:6: Undefined control sequence.
\@classi ->\ifcase \@lastchclass \@acol 
                                        \@arrayrule \or \@addtopreamble {\hs...
l.6 ...cial:}   & \multicolumn{2}{ l |}{Semestre:}
                                                   \\ \hline
The control sequence at the end of the top line
of your error message was never \def'ed. If you have
misspelled it (e.g., `\hobx'), type `I' and the correct
spelling (e.g., `I\hbox'). Otherwise just continue,
and I'll forget about whatever was undefined.

/home/hpinedoh/Documents/GitHub/DocumentosApoyoAsignaturas/Asignaturas/CulturaDigital/DatosAC copy.tex:6: Misplaced \noalign.
\hline ->\noalign 
                  {\ifnum 0=`}\fi \hrule \@height \arrayrulewidth \futurelet...
l.6 ... \multicolumn{2}{ l |}{Semestre:} \\ \hline
                                                  
I expect to see \noalign only after the \cr of
an alignment. Proceed, and I'll ignore this case.


Overfull \hbox (20.0pt too wide) in paragraph at lines 6--6
[]
 []

/home/hpinedoh/Documents/GitHub/DocumentosApoyoAsignaturas/Asignaturas/CulturaDigital/DatosAC copy.tex:7: Misplaced \omit.
\multispan ->\omit 
                   \@multispan 
l.7 ...mn{2}{| c |}{\bf Evaluación diagnóstica.}
                                                     & \multicolumn{2}{ c |}...
I expect to see \omit only after tab marks or the \cr of
an alignment. Proceed, and I'll ignore this case.

/home/hpinedoh/Documents/GitHub/DocumentosApoyoAsignaturas/Asignaturas/CulturaDigital/DatosAC copy.tex:7: Misplaced \span.
\sp@n ->\span 
              \omit \advance \@multicnt \m@ne 
l.7 ...mn{2}{| c |}{\bf Evaluación diagnóstica.}
                                                     & \multicolumn{2}{ c |}...
I can't figure out why you would want to use a tab mark
or \cr or \span just now. If something like a right brace
up above has ended a previous alignment prematurely,
you're probably due for more error messages, and you
might try typing `S' now just to see what is salvageable.

/home/hpinedoh/Documents/GitHub/DocumentosApoyoAsignaturas/Asignaturas/CulturaDigital/DatosAC copy.tex:7: Misplaced \omit.
\sp@n ->\span \omit 
                    \advance \@multicnt \m@ne 
l.7 ...mn{2}{| c |}{\bf Evaluación diagnóstica.}
                                                     & \multicolumn{2}{ c |}...
I expect to see \omit only after tab marks or the \cr of
an alignment. Proceed, and I'll ignore this case.

/home/hpinedoh/Documents/GitHub/DocumentosApoyoAsignaturas/Asignaturas/CulturaDigital/DatosAC copy.tex:7: Undefined control sequence.
<argument> ...nextchar \ifcase \@chclass \@classz 
                                                  \or \@classi \or \@classii...
l.7 ...mn{2}{| c |}{\bf Evaluación diagnóstica.}
                                                     & \multicolumn{2}{ c |}...
The control sequence at the end of the top line
of your error message was never \def'ed. If you have
misspelled it (e.g., `\hobx'), type `I' and the correct
spelling (e.g., `I\hbox'). Otherwise just continue,
and I'll forget about whatever was undefined.

/home/hpinedoh/Documents/GitHub/DocumentosApoyoAsignaturas/Asignaturas/CulturaDigital/DatosAC copy.tex:7: Undefined control sequence.
\@classi ->\ifcase \@lastchclass \@acol 
                                        \@arrayrule \or \@addtopreamble {\hs...
l.7 ...mn{2}{| c |}{\bf Evaluación diagnóstica.}
                                                     & \multicolumn{2}{ c |}...
The control sequence at the end of the top line
of your error message was never \def'ed. If you have
misspelled it (e.g., `\hobx'), type `I' and the correct
spelling (e.g., `I\hbox'). Otherwise just continue,
and I'll forget about whatever was undefined.


/home/hpinedoh/Documents/GitHub/DocumentosApoyoAsignaturas/Asignaturas/CulturaDigital/DatosAC copy.tex:7: LaTeX Error: Missing \begin{document}.

See the LaTeX manual or LaTeX Companion for explanation.
Type  H <return>  for immediate help.
 ...                                              
                                                  
l.7 ...mn{2}{| c |}{\bf Evaluación diagnóstica.}
                                                     & \multicolumn{2}{ c |}...
You're in trouble here.  Try typing  <return>  to proceed.
If that doesn't work, type  X <return>  to quit.

/home/hpinedoh/Documents/GitHub/DocumentosApoyoAsignaturas/Asignaturas/CulturaDigital/DatosAC copy.tex:7: Misplaced alignment tab character &.
l.7 ...}{| c |}{\bf Evaluación diagnóstica.}   &
                                                   \multicolumn{2}{ c |}{\bf...
I can't figure out why you would want to use a tab mark
here. If you just want an ampersand, the remedy is
simple: Just type `I\&' now. But if some right brace
up above has ended a previous alignment prematurely,
you're probably due for more error messages, and you
might try typing `S' now just to see what is salvageable.

/home/hpinedoh/Documents/GitHub/DocumentosApoyoAsignaturas/Asignaturas/CulturaDigital/DatosAC copy.tex:7: Misplaced \omit.
\multispan ->\omit 
                   \@multispan 
l.7 ...{ c |}{\bf 1\textsuperscript{er} Semestre.}
                                                   \\ \hline
I expect to see \omit only after tab marks or the \cr of
an alignment. Proceed, and I'll ignore this case.

/home/hpinedoh/Documents/GitHub/DocumentosApoyoAsignaturas/Asignaturas/CulturaDigital/DatosAC copy.tex:7: Misplaced \span.
\sp@n ->\span 
              \omit \advance \@multicnt \m@ne 
l.7 ...{ c |}{\bf 1\textsuperscript{er} Semestre.}
                                                   \\ \hline
I can't figure out why you would want to use a tab mark
or \cr or \span just now. If something like a right brace
up above has ended a previous alignment prematurely,
you're probably due for more error messages, and you
might try typing `S' now just to see what is salvageable.

/home/hpinedoh/Documents/GitHub/DocumentosApoyoAsignaturas/Asignaturas/CulturaDigital/DatosAC copy.tex:7: Misplaced \omit.
\sp@n ->\span \omit 
                    \advance \@multicnt \m@ne 
l.7 ...{ c |}{\bf 1\textsuperscript{er} Semestre.}
                                                   \\ \hline
I expect to see \omit only after tab marks or the \cr of
an alignment. Proceed, and I'll ignore this case.

/home/hpinedoh/Documents/GitHub/DocumentosApoyoAsignaturas/Asignaturas/CulturaDigital/DatosAC copy.tex:7: Undefined control sequence.
<argument> ...nextchar \ifcase \@chclass \@classz 
                                                  \or \@classi \or \@classii...
l.7 ...{ c |}{\bf 1\textsuperscript{er} Semestre.}
                                                   \\ \hline
The control sequence at the end of the top line
of your error message was never \def'ed. If you have
misspelled it (e.g., `\hobx'), type `I' and the correct
spelling (e.g., `I\hbox'). Otherwise just continue,
and I'll forget about whatever was undefined.

/home/hpinedoh/Documents/GitHub/DocumentosApoyoAsignaturas/Asignaturas/CulturaDigital/DatosAC copy.tex:7: Undefined control sequence.
\@classi ->\ifcase \@lastchclass \@acol 
                                        \@arrayrule \or \@addtopreamble {\hs...
l.7 ...{ c |}{\bf 1\textsuperscript{er} Semestre.}
                                                   \\ \hline
The control sequence at the end of the top line
of your error message was never \def'ed. If you have
misspelled it (e.g., `\hobx'), type `I' and the correct
spelling (e.g., `I\hbox'). Otherwise just continue,
and I'll forget about whatever was undefined.

/home/hpinedoh/Documents/GitHub/DocumentosApoyoAsignaturas/Asignaturas/CulturaDigital/DatosAC copy.tex:7: Misplaced \noalign.
\hline ->\noalign 
                  {\ifnum 0=`}\fi \hrule \@height \arrayrulewidth \futurelet...
l.7 ... 1\textsuperscript{er} Semestre.} \\ \hline
                                                  
I expect to see \noalign only after the \cr of
an alignment. Proceed, and I'll ignore this case.


Overfull \hbox (20.0pt too wide) in paragraph at lines 7--7
[]
 []

/home/hpinedoh/Documents/GitHub/DocumentosApoyoAsignaturas/Asignaturas/CulturaDigital/DatosAC copy.tex:8: Undefined control sequence.
<recently read> \rowcolor 
                          
l.8         \rowcolor
                     [rgb]{0.753,0.753,0.753}  Semestre y grupo: & Período ...
The control sequence at the end of the top line
of your error message was never \def'ed. If you have
misspelled it (e.g., `\hobx'), type `I' and the correct
spelling (e.g., `I\hbox'). Otherwise just continue,
and I'll forget about whatever was undefined.


/home/hpinedoh/Documents/GitHub/DocumentosApoyoAsignaturas/Asignaturas/CulturaDigital/DatosAC copy.tex:8: LaTeX Error: Missing \begin{document}.

See the LaTeX manual or LaTeX Companion for explanation.
Type  H <return>  for immediate help.
 ...                                              
                                                  
l.8         \rowcolor[
                      rgb]{0.753,0.753,0.753}  Semestre y grupo: & Período ...
You're in trouble here.  Try typing  <return>  to proceed.
If that doesn't work, type  X <return>  to quit.

Missing character: There is no [ in font nullfont!
Missing character: There is no r in font nullfont!
Missing character: There is no g in font nullfont!
Missing character: There is no b in font nullfont!
Missing character: There is no ] in font nullfont!
Missing character: There is no 0 in font nullfont!
Missing character: There is no . in font nullfont!
Missing character: There is no 7 in font nullfont!
Missing character: There is no 5 in font nullfont!
Missing character: There is no 3 in font nullfont!
Missing character: There is no , in font nullfont!
Missing character: There is no 0 in font nullfont!
Missing character: There is no . in font nullfont!
Missing character: There is no 7 in font nullfont!
Missing character: There is no 5 in font nullfont!
Missing character: There is no 3 in font nullfont!
Missing character: There is no , in font nullfont!
Missing character: There is no 0 in font nullfont!
Missing character: There is no . in font nullfont!
Missing character: There is no 7 in font nullfont!
Missing character: There is no 5 in font nullfont!
Missing character: There is no 3 in font nullfont!
Missing character: There is no S in font nullfont!
Missing character: There is no e in font nullfont!
Missing character: There is no m in font nullfont!
Missing character: There is no e in font nullfont!
Missing character: There is no s in font nullfont!
Missing character: There is no t in font nullfont!
Missing character: There is no r in font nullfont!
Missing character: There is no e in font nullfont!
Missing character: There is no y in font nullfont!
Missing character: There is no g in font nullfont!
Missing character: There is no r in font nullfont!
Missing character: There is no u in font nullfont!
Missing character: There is no p in font nullfont!
Missing character: There is no o in font nullfont!
Missing character: There is no : in font nullfont!
/home/hpinedoh/Documents/GitHub/DocumentosApoyoAsignaturas/Asignaturas/CulturaDigital/DatosAC copy.tex:8: Misplaced alignment tab character &.
l.8 ...gb]{0.753,0.753,0.753}  Semestre y grupo: &
                                                   Período de aplicación. ...
I can't figure out why you would want to use a tab mark
here. If you just want an ampersand, the remedy is
simple: Just type `I\&' now. But if some right brace
up above has ended a previous alignment prematurely,
you're probably due for more error messages, and you
might try typing `S' now just to see what is salvageable.

Missing character: There is no P in font nullfont!
Missing character: There is no e in font nullfont!
Missing character: There is no r in font nullfont!
LaTeX Font Info:    Trying to load font information for +cmr on input line 8.
LaTeX Font Info:    No file cmr.fd. on input line 8.

LaTeX Font Warning: Font shape `/cmr/m/n' undefined
(Font)              using `/cmr/m/n' instead on input line 8.

/home/hpinedoh/Documents/GitHub/DocumentosApoyoAsignaturas/Asignaturas/CulturaDigital/DatosAC copy.tex:8: Corrupted NFSS tables.
wrong@fontshape ...message {Corrupted NFSS tables}
                                                  error@fontshape else let f...
l.8 ...753,0.753,0.753}  Semestre y grupo: & Perí
                                                  odo de aplicación. & Fech...
This error message was generated by an \errmessage
command, so I can't give any explicit help.
Pretend that you're Hercule Poirot: Examine all clues,
and deduce the truth by order and method.


LaTeX Font Warning: Font shape `/cmr/m/n' undefined
(Font)              using `OT1/cmr/m/n' instead on input line 8.

Missing character: There is no o in font nullfont!
Missing character: There is no d in font nullfont!
Missing character: There is no o in font nullfont!
Missing character: There is no d in font nullfont!
Missing character: There is no e in font nullfont!
Missing character: There is no a in font nullfont!
Missing character: There is no p in font nullfont!
Missing character: There is no l in font nullfont!
Missing character: There is no i in font nullfont!
Missing character: There is no c in font nullfont!
Missing character: There is no a in font nullfont!
Missing character: There is no c in font nullfont!
Missing character: There is no i in font nullfont!
Missing character: There is no n in font nullfont!
Missing character: There is no . in font nullfont!
/home/hpinedoh/Documents/GitHub/DocumentosApoyoAsignaturas/Asignaturas/CulturaDigital/DatosAC copy.tex:8: Misplaced alignment tab character &.
l.8 ...estre y grupo: & Período de aplicación. &
                                                   Fecha de entrega: & HSM 3 \\
I can't figure out why you would want to use a tab mark
here. If you just want an ampersand, the remedy is
simple: Just type `I\&' now. But if some right brace
up above has ended a previous alignment prematurely,
you're probably due for more error messages, and you
might try typing `S' now just to see what is salvageable.

Missing character: There is no F in font nullfont!
Missing character: There is no e in font nullfont!
Missing character: There is no c in font nullfont!
Missing character: There is no h in font nullfont!
Missing character: There is no a in font nullfont!
Missing character: There is no d in font nullfont!
Missing character: There is no e in font nullfont!
Missing character: There is no e in font nullfont!
Missing character: There is no n in font nullfont!
Missing character: There is no t in font nullfont!
Missing character: There is no r in font nullfont!
Missing character: There is no e in font nullfont!
Missing character: There is no g in font nullfont!
Missing character: There is no a in font nullfont!
Missing character: There is no : in font nullfont!
/home/hpinedoh/Documents/GitHub/DocumentosApoyoAsignaturas/Asignaturas/CulturaDigital/DatosAC copy.tex:8: Misplaced alignment tab character &.
l.8 ...íodo de aplicación. & Fecha de entrega: &
                                                   HSM 3 \\
I can't figure out why you would want to use a tab mark
here. If you just want an ampersand, the remedy is
simple: Just type `I\&' now. But if some right brace
up above has ended a previous alignment prematurely,
you're probably due for more error messages, and you
might try typing `S' now just to see what is salvageable.

Missing character: There is no H in font nullfont!
Missing character: There is no S in font nullfont!
Missing character: There is no M in font nullfont!
Missing character: There is no 3 in font nullfont!
/home/hpinedoh/Documents/GitHub/DocumentosApoyoAsignaturas/Asignaturas/CulturaDigital/DatosAC copy.tex:9: Misplaced \noalign.
\hline ->\noalign 
                  {\ifnum 0=`}\fi \hrule \@height \arrayrulewidth \futurelet...
l.9         \hline
                  
I expect to see \noalign only after the \cr of
an alignment. Proceed, and I'll ignore this case.


Overfull \hbox (20.0pt too wide) in paragraph at lines 8--9
[]
 []


Overfull \hbox (7.7778pt too wide) in paragraph at lines 8--9
\/cmr/m/n/10 ^^S^^P
 []


Overfull \hbox (5.00002pt too wide) in paragraph at lines 8--9
\/cmr/m/n/10 ^^So
 []

/home/hpinedoh/Documents/GitHub/DocumentosApoyoAsignaturas/Asignaturas/CulturaDigital/DatosAC copy.tex:10: Undefined control sequence.
<recently read> \bf 
                    
l.10         \bf
                 1\textsuperscript{o} A, B, C, D, E & Evaluación diagnósti...
The control sequence at the end of the top line
of your error message was never \def'ed. If you have
misspelled it (e.g., `\hobx'), type `I' and the correct
spelling (e.g., `I\hbox'). Otherwise just continue,
and I'll forget about whatever was undefined.


/home/hpinedoh/Documents/GitHub/DocumentosApoyoAsignaturas/Asignaturas/CulturaDigital/DatosAC copy.tex:10: LaTeX Error: Missing \begin{document}.

See the LaTeX manual or LaTeX Companion for explanation.
Type  H <return>  for immediate help.
 ...                                              
                                                  
l.10         \bf 1
                  \textsuperscript{o} A, B, C, D, E & Evaluación diagnósti...
You're in trouble here.  Try typing  <return>  to proceed.
If that doesn't work, type  X <return>  to quit.

Missing character: There is no 1 in font nullfont!
LaTeX Font Info:    External font `cmex10' loaded for size
(Font)              <7> on input line 10.
LaTeX Font Info:    External font `cmex10' loaded for size
(Font)              <5> on input line 10.
Missing character: There is no A in font nullfont!
Missing character: There is no , in font nullfont!
Missing character: There is no B in font nullfont!
Missing character: There is no , in font nullfont!
Missing character: There is no C in font nullfont!
Missing character: There is no , in font nullfont!
Missing character: There is no D in font nullfont!
Missing character: There is no , in font nullfont!
Missing character: There is no E in font nullfont!
/home/hpinedoh/Documents/GitHub/DocumentosApoyoAsignaturas/Asignaturas/CulturaDigital/DatosAC copy.tex:10: Misplaced alignment tab character &.
l.10 ...  \bf 1\textsuperscript{o} A, B, C, D, E &
                                                   Evaluación diagnóstica....
I can't figure out why you would want to use a tab mark
here. If you just want an ampersand, the remedy is
simple: Just type `I\&' now. But if some right brace
up above has ended a previous alignment prematurely,
you're probably due for more error messages, and you
might try typing `S' now just to see what is salvageable.

Missing character: There is no E in font nullfont!
Missing character: There is no v in font nullfont!
Missing character: There is no a in font nullfont!
Missing character: There is no l in font nullfont!
Missing character: There is no u in font nullfont!
Missing character: There is no a in font nullfont!
Missing character: There is no c in font nullfont!
Missing character: There is no i in font nullfont!
Missing character: There is no n in font nullfont!
Missing character: There is no d in font nullfont!
Missing character: There is no i in font nullfont!
Missing character: There is no a in font nullfont!
Missing character: There is no g in font nullfont!
Missing character: There is no n in font nullfont!
Missing character: There is no s in font nullfont!
Missing character: There is no t in font nullfont!
Missing character: There is no i in font nullfont!
Missing character: There is no c in font nullfont!
Missing character: There is no a in font nullfont!
Missing character: There is no . in font nullfont!
/home/hpinedoh/Documents/GitHub/DocumentosApoyoAsignaturas/Asignaturas/CulturaDigital/DatosAC copy.tex:10: Misplaced alignment tab character &.
l.10 ..., B, C, D, E & Evaluación diagnóstica. &
                                                   \today & Sesiones: 60 (MD...
I can't figure out why you would want to use a tab mark
here. If you just want an ampersand, the remedy is
simple: Just type `I\&' now. But if some right brace
up above has ended a previous alignment prematurely,
you're probably due for more error messages, and you
might try typing `S' now just to see what is salvageable.

/home/hpinedoh/Documents/GitHub/DocumentosApoyoAsignaturas/Asignaturas/CulturaDigital/DatosAC copy.tex:10: Undefined control sequence.
l.10 ... D, E & Evaluación diagnóstica. & \today
                                                   & Sesiones: 60 (MD-48, EI...
The control sequence at the end of the top line
of your error message was never \def'ed. If you have
misspelled it (e.g., `\hobx'), type `I' and the correct
spelling (e.g., `I\hbox'). Otherwise just continue,
and I'll forget about whatever was undefined.

/home/hpinedoh/Documents/GitHub/DocumentosApoyoAsignaturas/Asignaturas/CulturaDigital/DatosAC copy.tex:10: Misplaced alignment tab character &.
l.10 ..., E & Evaluación diagnóstica. & \today &
                                                   Sesiones: 60 (MD-48, EI-1...
I can't figure out why you would want to use a tab mark
here. If you just want an ampersand, the remedy is
simple: Just type `I\&' now. But if some right brace
up above has ended a previous alignment prematurely,
you're probably due for more error messages, and you
might try typing `S' now just to see what is salvageable.

Missing character: There is no S in font nullfont!
Missing character: There is no e in font nullfont!
Missing character: There is no s in font nullfont!
Missing character: There is no i in font nullfont!
Missing character: There is no o in font nullfont!
Missing character: There is no n in font nullfont!
Missing character: There is no e in font nullfont!
Missing character: There is no s in font nullfont!
Missing character: There is no : in font nullfont!
Missing character: There is no 6 in font nullfont!
Missing character: There is no 0 in font nullfont!
Missing character: There is no ( in font nullfont!
Missing character: There is no M in font nullfont!
Missing character: There is no D in font nullfont!
Missing character: There is no - in font nullfont!
Missing character: There is no 4 in font nullfont!
Missing character: There is no 8 in font nullfont!
Missing character: There is no , in font nullfont!
Missing character: There is no E in font nullfont!
Missing character: There is no I in font nullfont!
Missing character: There is no - in font nullfont!
Missing character: There is no 1 in font nullfont!
Missing character: There is no 2 in font nullfont!
Missing character: There is no ) in font nullfont!
/home/hpinedoh/Documents/GitHub/DocumentosApoyoAsignaturas/Asignaturas/CulturaDigital/DatosAC copy.tex:10: Misplaced \noalign.
\hline ->\noalign 
                  {\ifnum 0=`}\fi \hrule \@height \arrayrulewidth \futurelet...
l.10 ...ay & Sesiones: 60 (MD-48, EI-12) \\ \hline
                                                  
I expect to see \noalign only after the \cr of
an alignment. Proceed, and I'll ignore this case.


Overfull \hbox (24.48613pt too wide) in paragraph at lines 10--10
[]$[]$
 []


Overfull \hbox (5.00002pt too wide) in paragraph at lines 10--10
\/cmr/m/n/10 ^^So
 []


Overfull \hbox (5.00002pt too wide) in paragraph at lines 10--10
\/cmr/m/n/10 ^^So
 []


/home/hpinedoh/Documents/GitHub/DocumentosApoyoAsignaturas/Asignaturas/CulturaDigital/DatosAC copy.tex:11: LaTeX Error: \begin{document} ended by \end{tabularx}.

See the LaTeX manual or LaTeX Companion for explanation.
Type  H <return>  for immediate help.
 ...                                              
                                                  
l.11     \end{tabularx}
                       
Your command was ignored.
Type  I <command> <return>  to replace it with another command,
or  <return>  to continue without it.

)
! Emergency stop.
<*> ...signaturas/CulturaDigital/DatosAC copy.tex"
                                                  
*** (job aborted, no legal \end found)

 
Here is how much of TeX's memory you used:
 35 strings out of 473197
 845 string characters out of 5718606
 392986 words of memory out of 5000000
 23385 multiletter control sequences out of 15000+600000
 558837 words of font info for 36 fonts, out of 8000000 for 9000
 1141 hyphenation exceptions out of 8191
 23i,4n,32p,274b,107s stack positions out of 10000i,1000n,20000p,200000b,200000s
!  ==> Fatal error occurred, no output PDF file produced!
